// Jest Snapshot v1, https://goo.gl/fbAQLP

exports[`Matching sets solver functions findMatches should find all sets of matches for an array of candidates 1`] = `
Array [
  Object {
    "candidates": Array [
      "9",
    ],
    "matches": Array [],
  },
  Object {
    "candidates": Array [
      "1",
    ],
    "matches": Array [],
  },
  Object {
    "candidates": Array [
      "6",
    ],
    "matches": Array [],
  },
  Object {
    "candidates": Array [
      "4",
    ],
    "matches": Array [],
  },
  Object {
    "candidates": Array [
      "2",
      "5",
    ],
    "matches": Array [
      6,
    ],
  },
  Object {
    "candidates": Array [
      "2",
      "8",
    ],
    "matches": Array [],
  },
  Object {
    "candidates": Array [
      "2",
      "5",
    ],
    "matches": Array [
      4,
    ],
  },
  Object {
    "candidates": Array [
      "3",
    ],
    "matches": Array [],
  },
  Object {
    "candidates": Array [
      "7",
    ],
    "matches": Array [],
  },
]
`;
